*adguard-dns.com
*adguard.com
*airbnb.com
*airbnb.ru
*amd.com
*amnezia.org
*anidub.com
*anilibria.tv
*appstorrent.ru
*bongacams21.com
*canva.com
*cdninstagram.com
*cdw.com
*censortracker.org
*chatgpt.com
*cisco.com
*coldfilm.xyz
*currenttime.tv
*dell.com
*dellcdn.com
*devops.com
*dis.gd
*discord-activities.com
*discord.co
*discord.com
*discord.design
*discord.dev
*discord.gg
*discord.gift
*discord.gifts
*discord.media
*discord.new
*discord.store
*discord.tools
*discordactivities.com
*discordapp.com
*discordapp.io
*discordapp.net
*discordapp.org
*discordmerch.com
*discordpartygames.com
*discordsays.com
*discordstatus.com
*discours.io
*disctech.com
*facebook.com
*facebook.net
*fb.com
*fbcdn.net
*fbsbx.com
*fex.net
*filmitorrent.net
*filmix.ac
*filmix.biz
*filmix.date
*filmix.fm
*filmix.quest
*filmix.tech
*filmix.zone
*flibusta.is
*gamesrepack.com
*geforcenow.com
*googleapis.com
*googletagmanager.com
*googlevideo.com
*hdrezka.ag
*ibm.com
*ilook.tv
*instagram.com
*intel.com
*intel.de
*iptv.online
*kino.pub
*kinobase.org
*kinogo.la
*kinokopilka.pro
*kinovod.net
*kinozal.me
*kinozal.tv
*lostfilm.run
*lostfilm.top
*lostfilm.tv
*lostfilm.win
*lostfilmtv2.site
*lostfilmtv5.site
*megapeer.ru
*newstudio.tv
*nnmclub.to
*ntc.party
*onlinesim.ru
*openai.com
*paypal.com
*pornolab.net
*prostovpn.org
*proton.me
*protonmail.ch
*protonmail.com
*redtube.com
*rezka.ag
*rezka.my
*routerich.net
*rustorka.com
*rutor.info
*rutor.is
*rutor.org
*rutracker.cc
*rutracker.net
*rutracker.org
*rutracker.ru
*seasonvar.ru
*selezen.org
*smshub.org
*spotify.com
*stalker2.com
*streamable.com
*t.co
*telegraf.by
*telegraf.news
*telemetr.io
*tempmail.plus
*tiktok.com
*torrent.by
*tvfreedom.io
*tvrain.ru
*tvrain.tv
*tweetdeck.com
*twimg.com
*twirpx.com
*twitpic.com
*twitter.biz
*twitter.com
*twitter.jp
*twittercommunity.com
*twitterflightschool.com
*twitterinc.com
*twitteroauth.com
*twitterstat.us
*twtrdns.net
*twttr.com
*twttr.net
*twvid.com
*ufile.io
*uniongang.tv
*x.com
*xhamster.com
*xhamsterlive.com
*xnxx.com
*xtracloud.net
*xv-ru.com
*xvideos-cdn.com
*xvideos.com
*youtu.be
*youtube-nocookie.com
*youtube.com
*youtubekids.com
*zelenka.guru
*zona.media
discord-attachments-uploads-prd.storage.googleapis.com
gemini.google.com
lookerstudio.google.com
suggestqueries.google.com
wide-youtube.l.google.com
youtube-ui.l.google.com
youtubeembeddedplayer.googleapis.com
youtubei.googleapis.com
ytimg.l.google.com
